[lovely-bavarois-b19658.netlify.app/index04b9.html]
[lovely-bavarois-b19658.netlify.app/assets/css/aos.css]
[lovely-bavarois-b19658.netlify.app/assets/css/bootstrap.min.css]
[lovely-bavarois-b19658.netlify.app/assets/css/boxicons.min.css]
[lovely-bavarois-b19658.netlify.app/assets/css/owl.carousel.min.css]
[lovely-bavarois-b19658.netlify.app/assets/css/flaticon.css]
[lovely-bavarois-b19658.netlify.app/assets/css/magnific-popup.min.css]
[lovely-bavarois-b19658.netlify.app/assets/css/style.css]
[lovely-bavarois-b19658.netlify.app/assets/css/header.css]
[backblue.gif]
[fade.gif]
[index.html]
[lovely-bavarois-b19658.netlify.app/assets/css/responsive.css]
[lovely-bavarois-b19658.netlify.app/assets/img/all-img/favicon.png]
[lovely-bavarois-b19658.netlify.app/assets/img/logo/white-logo.png]
[lovely-bavarois-b19658.netlify.app/index.html]
[lovely-bavarois-b19658.netlify.app/assets/img/logo/logo.png]
[lovely-bavarois-b19658.netlify.app/index2.html]
[lovely-bavarois-b19658.netlify.app/index3.html]
[lovely-bavarois-b19658.netlify.app/about-us.html]
[lovely-bavarois-b19658.netlify.app/news-and-blog.html]
[lovely-bavarois-b19658.netlify.app/blog-details.html]
[lovely-bavarois-b19658.netlify.app/alumni.html]
[lovely-bavarois-b19658.netlify.app/academics.html]
[lovely-bavarois-b19658.netlify.app/undergraduate.html]
[lovely-bavarois-b19658.netlify.app/graduate.html]
[lovely-bavarois-b19658.netlify.app/online-education.html]
[lovely-bavarois-b19658.netlify.app/faculty.html]
[lovely-bavarois-b19658.netlify.app/admission.html]
[lovely-bavarois-b19658.netlify.app/how-to-apply.html]
[lovely-bavarois-b19658.netlify.app/tuition-fees.html]
[lovely-bavarois-b19658.netlify.app/financial-aid.html]
[lovely-bavarois-b19658.netlify.app/date-deadlines.html]
[lovely-bavarois-b19658.netlify.app/schedule-tour.html]
[lovely-bavarois-b19658.netlify.app/courses.html]
[lovely-bavarois-b19658.netlify.app/courses-details.html]
[lovely-bavarois-b19658.netlify.app/university-life.html]
[lovely-bavarois-b19658.netlify.app/the-campus-experience.html]
[lovely-bavarois-b19658.netlify.app/fitness-athletics.html]
[lovely-bavarois-b19658.netlify.app/support-guidance.html]
[lovely-bavarois-b19658.netlify.app/student-activities.html]
[lovely-bavarois-b19658.netlify.app/contact-us.html]
[lovely-bavarois-b19658.netlify.app/contact@Clgunme.25.delayed]
[lovely-bavarois-b19658.netlify.app/application-form.html]
[lovely-bavarois-b19658.netlify.app/assets/img/icon/features-icon-2.png]
[lovely-bavarois-b19658.netlify.app/assets/img/icon/features-icon-1.png]
[lovely-bavarois-b19658.netlify.app/assets/img/icon/shape-1.png]
[lovely-bavarois-b19658.netlify.app/assets/img/all-img/academic-image-1.png]
[lovely-bavarois-b19658.netlify.app/assets/img/all-img/academic-image-2.png]
[lovely-bavarois-b19658.netlify.app/assets/img/all-img/academic-image-3.png]
[lovely-bavarois-b19658.netlify.app/assets/img/all-img/academic-image-4.png]
[lovely-bavarois-b19658.netlify.app/assets/img/all-img/news-image-1.png]
[lovely-bavarois-b19658.netlify.app/assets/img/all-img/news-image-2.png]
[lovely-bavarois-b19658.netlify.app/assets/img/all-img/news-image-3.png]
[lovely-bavarois-b19658.netlify.app/assets/img/all-img/news-image-4.png]
[lovely-bavarois-b19658.netlify.app/assets/img/all-img/news-image-5.png]
[lovely-bavarois-b19658.netlify.app/assets/img/all-img/admin-image.png]
[lovely-bavarois-b19658.netlify.app/assets/img/icon/trophy-star.png]
[lovely-bavarois-b19658.netlify.app/assets/img/all-img/campus-image-1.png]
[lovely-bavarois-b19658.netlify.app/assets/img/all-img/campus-image-2.png]
[lovely-bavarois-b19658.netlify.app/assets/img/all-img/campus-image-3.png]
[lovely-bavarois-b19658.netlify.app/assets/img/all-img/activities-image-1.png]
[lovely-bavarois-b19658.netlify.app/assets/img/all-img/activities-image-2.png]
[lovely-bavarois-b19658.netlify.app/assets/img/all-img/activities-image-3.png]
[lovely-bavarois-b19658.netlify.app/assets/img/all-img/events-image-1.png]
[lovely-bavarois-b19658.netlify.app/assets/img/all-img/events-image-2.png]
[lovely-bavarois-b19658.netlify.app/v.3d.delayed]
[lovely-bavarois-b19658.netlify.app/assets/img/all-img/events-image-3.png]
[lovely-bavarois-b19658.netlify.app/assets/img/all-img/success-image-1.png]
[lovely-bavarois-b19658.netlify.app/assets/img/all-img/success-image-2.png]
[lovely-bavarois-b19658.netlify.app/assets/img/all-img/success-image-3.png]
[lovely-bavarois-b19658.netlify.app/assets/img/logo/footer-Logo.png]
[lovely-bavarois-b19658.netlify.app/assets/js/jquery.min.js]
[lovely-bavarois-b19658.netlify.app/assets/js/aos.js]
[lovely-bavarois-b19658.netlify.app/assets/js/bootstrap.min.js]
[lovely-bavarois-b19658.netlify.app/assets/js/magnific-popup.min.js]
[lovely-bavarois-b19658.netlify.app/assets/js/owl.carousel.min.js]
[lovely-bavarois-b19658.netlify.app/index04b9.html]
[lovely-bavarois-b19658.netlify.app/assets/css/aos.css]
[lovely-bavarois-b19658.netlify.app/assets/css/bootstrap.min.css]
[lovely-bavarois-b19658.netlify.app/assets/js/main.js]
[lovely-bavarois-b19658.netlify.app/assets/fonts/boxicons.woff2]
[lovely-bavarois-b19658.netlify.app/assets/fonts/boxicons.eot]
[lovely-bavarois-b19658.netlify.app/assets/fonts/boxicons.woff]
[lovely-bavarois-b19658.netlify.app/assets/fonts/boxicons.ttf]
[lovely-bavarois-b19658.netlify.app/assets/css/boxicons.min.css]
[lovely-bavarois-b19658.netlify.app/assets/fonts/boxiconsd41d.svg]
[lovely-bavarois-b19658.netlify.app/assets/css/owl.video.play.4e.delayed]
[lovely-bavarois-b19658.netlify.app/assets/css/owl.carousel.min.css]
[lovely-bavarois-b19658.netlify.app/assets/fonts/uicons-thin-rounded.eot]
[lovely-bavarois-b19658.netlify.app/assets/fonts/uicons-thin-rounded.woff2]
[lovely-bavarois-b19658.netlify.app/assets/css/flaticon.css]
[lovely-bavarois-b19658.netlify.app/assets/css/magnific-popup.min.css]
[lovely-bavarois-b19658.netlify.app/assets/fonts/uicons-thin-rounded.woff]
[lovely-bavarois-b19658.netlify.app/assets/img/banner/Image.jpg]
[lovely-bavarois-b19658.netlify.app/assets/img/banner/bg-Image-1.jpg]
[lovely-bavarois-b19658.netlify.app/assets/img/banner/bg-Image-2.jpg]
[lovely-bavarois-b19658.netlify.app/assets/img/all-img/shape-1.png]
[lovely-bavarois-b19658.netlify.app/assets/img/all-img/about-image-2.png]
[lovely-bavarois-b19658.netlify.app/assets/img/all-img/about-image-3.png]
[lovely-bavarois-b19658.netlify.app/assets/img/all-img/about-image-4.png]
[lovely-bavarois-b19658.netlify.app/assets/img/all-img/graduate-area.png]
[lovely-bavarois-b19658.netlify.app/assets/img/all-img/shape-2.png]
[lovely-bavarois-b19658.netlify.app/assets/img/all-img/video-image.jpg]
[lovely-bavarois-b19658.netlify.app/assets/img/all-img/shape-3.png]
[lovely-bavarois-b19658.netlify.app/assets/img/icon/active.png]
[lovely-bavarois-b19658.netlify.app/assets/img/all-img/sponcer-image.png]
[lovely-bavarois-b19658.netlify.app/assets/img/all-img/blog-banner.png]
[lovely-bavarois-b19658.netlify.app/assets/img/all-img/bg-image.png]
[lovely-bavarois-b19658.netlify.app/assets/img/all-img/bg-image-2.png]
[lovely-bavarois-b19658.netlify.app/assets/img/all-img/campus-1.png]
[lovely-bavarois-b19658.netlify.app/assets/img/all-img/campus-2.png]
[lovely-bavarois-b19658.netlify.app/assets/img/all-img/campus-3.png]
[lovely-bavarois-b19658.netlify.app/assets/img/all-img/shape-4.png]
[lovely-bavarois-b19658.netlify.app/assets/img/banner/section-image-1.png]
[lovely-bavarois-b19658.netlify.app/assets/img/banner/section-image-2.png]
[lovely-bavarois-b19658.netlify.app/assets/img/banner/section-image-3.png]
[lovely-bavarois-b19658.netlify.app/assets/img/banner/section-image-4.png]
[lovely-bavarois-b19658.netlify.app/assets/img/banner/section-image-5.png]
[lovely-bavarois-b19658.netlify.app/assets/img/banner/section-image-6.png]
[lovely-bavarois-b19658.netlify.app/assets/img/banner/section-image-7.png]
[lovely-bavarois-b19658.netlify.app/assets/img/banner/section-image-8.png]
[lovely-bavarois-b19658.netlify.app/assets/img/banner/section-image-9.png]
[lovely-bavarois-b19658.netlify.app/assets/img/banner/section-image-10.png]
[lovely-bavarois-b19658.netlify.app/assets/img/banner/section-image-11.png]
[lovely-bavarois-b19658.netlify.app/assets/img/banner/section-image-12.png]
[lovely-bavarois-b19658.netlify.app/assets/img/banner/section-image-13.png]
[lovely-bavarois-b19658.netlify.app/assets/img/banner/section-image-14.png]
[lovely-bavarois-b19658.netlify.app/assets/img/banner/section-image-15.png]
[lovely-bavarois-b19658.netlify.app/assets/img/banner/section-image-16.png]
[lovely-bavarois-b19658.netlify.app/assets/img/banner/section-image-17.png]
[lovely-bavarois-b19658.netlify.app/assets/img/banner/section-image-18.png]
[lovely-bavarois-b19658.netlify.app/assets/img/banner/section-image-19.png]
[lovely-bavarois-b19658.netlify.app/assets/img/banner/section-image-20.png]
[lovely-bavarois-b19658.netlify.app/assets/img/banner/section-image-21.7a.delayed]
[lovely-bavarois-b19658.netlify.app/assets/img/banner/section-image-22.7b.delayed]
[lovely-bavarois-b19658.netlify.app/assets/img/all-img/subscribe-area.jpg]
[lovely-bavarois-b19658.netlify.app/assets/img/all-img/subscribe-image-bg.png]
[lovely-bavarois-b19658.netlify.app/assets/css/style.css]
[lovely-bavarois-b19658.netlify.app/assets/css/header.css]
[lovely-bavarois-b19658.netlify.app/assets/css/responsive.css]
[lovely-bavarois-b19658.netlify.app/index.html]
[lovely-bavarois-b19658.netlify.app/assets/img/icon/education-1.png]
[lovely-bavarois-b19658.netlify.app/assets/img/icon/education-2.png]
[lovely-bavarois-b19658.netlify.app/assets/img/icon/education-3.png]
[lovely-bavarois-b19658.netlify.app/assets/img/all-img/about-image.png]
[lovely-bavarois-b19658.netlify.app/assets/img/all-img/courses-image-1.png]
[lovely-bavarois-b19658.netlify.app/assets/img/icon/icon-1.png]
[lovely-bavarois-b19658.netlify.app/assets/img/icon/icon-2.png]
[lovely-bavarois-b19658.netlify.app/assets/img/icon/icon-3.png]
[lovely-bavarois-b19658.netlify.app/assets/img/all-img/teacher-img.png]
[lovely-bavarois-b19658.netlify.app/assets/img/all-img/courses-image-2.png]
[lovely-bavarois-b19658.netlify.app/assets/img/all-img/courses-image-3.png]
[lovely-bavarois-b19658.netlify.app/assets/img/all-img/feature-image.png]
[lovely-bavarois-b19658.netlify.app/assets/img/icon/faculty-icon-1.png]
[lovely-bavarois-b19658.netlify.app/assets/img/icon/faculty-icon-2.png]
[lovely-bavarois-b19658.netlify.app/index2.html]
[lovely-bavarois-b19658.netlify.app/assets/img/all-img/university-image.png]
[lovely-bavarois-b19658.netlify.app/assets/img/all-img/university-image-2.png]
[lovely-bavarois-b19658.netlify.app/assets/img/icon/twitter-x.png]
[lovely-bavarois-b19658.netlify.app/assets/img/all-img/Success-video-image.png]
[lovely-bavarois-b19658.netlify.app/assets/img/all-img/user-image.png]
[lovely-bavarois-b19658.netlify.app/index3.html]
[lovely-bavarois-b19658.netlify.app/about-us.html]
[lovely-bavarois-b19658.netlify.app/assets/img/all-img/blog-1.png]
[lovely-bavarois-b19658.netlify.app/assets/img/all-img/blog-2.png]
[lovely-bavarois-b19658.netlify.app/assets/img/all-img/blog-3.png]
[lovely-bavarois-b19658.netlify.app/assets/img/all-img/blog-4.png]
[lovely-bavarois-b19658.netlify.app/assets/img/all-img/blog-5.png]
[lovely-bavarois-b19658.netlify.app/assets/img/all-img/blog-6.png]
[lovely-bavarois-b19658.netlify.app/assets/img/all-img/blog-7.png]
[lovely-bavarois-b19658.netlify.app/assets/img/all-img/blog-8.png]
[lovely-bavarois-b19658.netlify.app/news-and-blog.html]
[lovely-bavarois-b19658.netlify.app/assets/img/all-img/blog-details.png]
[lovely-bavarois-b19658.netlify.app/assets/img/all-img/single-details-1.png]
[lovely-bavarois-b19658.netlify.app/assets/img/all-img/single-details-2.png]
[lovely-bavarois-b19658.netlify.app/assets/img/all-img/user-1.png]
[lovely-bavarois-b19658.netlify.app/assets/img/all-img/user-2.png]
[lovely-bavarois-b19658.netlify.app/assets/img/all-img/user-3.png]
[lovely-bavarois-b19658.netlify.app/blog-details.html]
[lovely-bavarois-b19658.netlify.app/alumni.html]
[lovely-bavarois-b19658.netlify.app/assets/img/all-img/gallery-1.png]
[lovely-bavarois-b19658.netlify.app/assets/img/all-img/gallery-2.png]
[lovely-bavarois-b19658.netlify.app/assets/img/all-img/gallery-3.png]
[lovely-bavarois-b19658.netlify.app/assets/img/all-img/gallery-4.png]
[lovely-bavarois-b19658.netlify.app/assets/img/all-img/gallery-5.png]
[lovely-bavarois-b19658.netlify.app/assets/img/all-img/graduate-img.png]
[lovely-bavarois-b19658.netlify.app/academics.html]
[lovely-bavarois-b19658.netlify.app/undergraduate.html]
[lovely-bavarois-b19658.netlify.app/graduate.html]
[lovely-bavarois-b19658.netlify.app/online-education.html]
[lovely-bavarois-b19658.netlify.app/assets/img/all-img/faculty-1.png]
[lovely-bavarois-b19658.netlify.app/assets/img/all-img/faculty-2.png]
[lovely-bavarois-b19658.netlify.app/assets/img/all-img/faculty-3.png]
[lovely-bavarois-b19658.netlify.app/assets/img/all-img/faculty-8.png]
[lovely-bavarois-b19658.netlify.app/assets/img/all-img/faculty-4.png]
[lovely-bavarois-b19658.netlify.app/assets/img/all-img/faculty-5.png]
[lovely-bavarois-b19658.netlify.app/assets/img/all-img/faculty-6.png]
[lovely-bavarois-b19658.netlify.app/assets/img/all-img/faculty-7.png]
[lovely-bavarois-b19658.netlify.app/faculty.html]
[lovely-bavarois-b19658.netlify.app/assets/img/all-img/program-image.png]
[lovely-bavarois-b19658.netlify.app/assets/img/all-img/program-image-1.png]
[lovely-bavarois-b19658.netlify.app/admission.html]
[lovely-bavarois-b19658.netlify.app/how-to-apply.html]
[lovely-bavarois-b19658.netlify.app/tuition-fees.html]
[lovely-bavarois-b19658.netlify.app/financial-aid.html]
[lovely-bavarois-b19658.netlify.app/date-deadlines.html]
[lovely-bavarois-b19658.netlify.app/schedule-tour.html]
[lovely-bavarois-b19658.netlify.app/assets/img/all-img/courses-image-4.png]
[lovely-bavarois-b19658.netlify.app/assets/img/all-img/courses-image-5.png]
[lovely-bavarois-b19658.netlify.app/assets/img/all-img/courses-image-6.png]
[lovely-bavarois-b19658.netlify.app/assets/img/all-img/courses-image-7.png]
[lovely-bavarois-b19658.netlify.app/assets/img/all-img/courses-image-8.png]
[lovely-bavarois-b19658.netlify.app/assets/img/all-img/courses-image-9.png]
[lovely-bavarois-b19658.netlify.app/assets/img/all-img/courses-image-10.png]
[lovely-bavarois-b19658.netlify.app/assets/img/all-img/courses-image-11.png]
[lovely-bavarois-b19658.netlify.app/courses.html]
[lovely-bavarois-b19658.netlify.app/assets/img/icon/reading-2.png]
[lovely-bavarois-b19658.netlify.app/assets/img/all-img/instructor.b8.delayed]
[lovely-bavarois-b19658.netlify.app/assets/img/all-img/course-video.png]
[lovely-bavarois-b19658.netlify.app/courses-details.html]
[lovely-bavarois-b19658.netlify.app/assets/img/all-img/university-life.png]
[lovely-bavarois-b19658.netlify.app/university-life.html]
[lovely-bavarois-b19658.netlify.app/assets/img/all-img/graduate-img-2.png]
[lovely-bavarois-b19658.netlify.app/the-campus-experience.html]
[lovely-bavarois-b19658.netlify.app/assets/img/all-img/fitness-1.png]
[lovely-bavarois-b19658.netlify.app/assets/img/all-img/fitness-2.png]
[lovely-bavarois-b19658.netlify.app/fitness-athletics.html]
[lovely-bavarois-b19658.netlify.app/support-guidance.html]
[lovely-bavarois-b19658.netlify.app/assets/img/all-img/student-activites.png]
[lovely-bavarois-b19658.netlify.app/student-activities.html]
[lovely-bavarois-b19658.netlify.app/registrar@clgununiversity.edu.bf.delayed]
[lovely-bavarois-b19658.netlify.app/contact-us.html]
[lovely-bavarois-b19658.netlify.app/contact@Clgunme.html]
[lovely-bavarois-b19658.netlify.app/application-form.html]
[lovely-bavarois-b19658.netlify.app/v.html]
[lovely-bavarois-b19658.netlify.app/assets/fonts/boxiconsd41d.svg]
[lovely-bavarois-b19658.netlify.app/assets/css/owl.video.play.html]
[lovely-bavarois-b19658.netlify.app/assets/img/banner/section-image-21.html]
[lovely-bavarois-b19658.netlify.app/assets/img/banner/section-image-22.html]
[lovely-bavarois-b19658.netlify.app/assets/img/all-img/instructor.html]
[lovely-bavarois-b19658.netlify.app/registrar@clgununiversity.edu.html]
